lcd.c:107:15:intsqrt	24	static
lcd.c:121:6:ST7735S_writeCmd	16	static
lcd.c:126:6:ST7735S_writeByte	16	static
lcd.c:130:6:ST7735S_writeWord	24	static
lcd.c:137:6:ST7735S_write565	16	static
lcd.c:144:6:ST7735S_init	8	static
lcd.c:159:6:ST7735S_setAddrWindow	24	static
lcd.c:168:6:ST7735S_drawPixel	16	static
lcd.c:173:6:ST7735S_horizontalLine	24	static
lcd.c:179:6:ST7735S_verticalLine	24	static
lcd.c:185:6:ST7735S_line	64	static
lcd.c:198:6:ST7735S_drawRect	24	static
lcd.c:205:6:ST7735S_fillRect	32	static
lcd.c:212:6:ST7735S_clearScreen	16	static
lcd.c:216:6:ST7735S_circleQuadrant	40	static
lcd.c:246:6:ST7735S_drawCircle	24	static
lcd.c:250:6:ST7735S_drawRoundRect	32	static
lcd.c:261:6:ST7735S_fillCircle	32	static
lcd.c:272:6:ST7735S_drawEllipse	64	static
lcd.c:314:6:ST7735S_fillEllipse	64	static
lcd.c:346:6:ST7735S_gotoXY	16	static
lcd.c:350:6:ST7735S_gotoLine	16	static
lcd.c:355:6:ST7735S_advanceCursor	4	static
lcd.c:365:6:ST7735S_setOrientation	24	static
lcd.c:377:6:ST7735S_putCh	32	static
lcd.c:394:6:ST7735S_writeChar	16	static
lcd.c:399:6:ST7735S_writeString	16	static
lcd.c:404:6:ST7735S_writeInt	24	static
lcd.c:410:6:ST7735S_writeHex	24	static
