ST7735c.cpp:105:1:ST7735s::ST7735s()	16	static
ST7735c.cpp:109:1:ST7735s::ST7735s(SPI_HandleTypeDef&)	16	static
ST7735c.cpp:113:15:long unsigned int ST7735s::intsqrt(long unsigned int)	24	static
ST7735c.cpp:127:6:void ST7735s::writeCmd(uint8_t)	16	static
ST7735c.cpp:132:6:void ST7735s::writeByte(uint8_t)	16	static
ST7735c.cpp:136:6:void ST7735s::writeWord(uint16_t)	24	static
ST7735c.cpp:143:6:void ST7735s::write565(uint16_t, unsigned int)	24	static
ST7735c.cpp:150:6:void ST7735s::init()	16	static
ST7735c.cpp:165:6:void ST7735s::setAddrWindow(uint16_t, uint16_t, uint16_t, uint16_t)	24	static
ST7735c.cpp:174:6:void ST7735s::drawPixel(uint16_t, uint16_t, int)	32	static
ST7735c.cpp:179:6:void ST7735s::horizontalLine(uint8_t, uint8_t, uint8_t, int)	32	static
ST7735c.cpp:185:6:void ST7735s::verticalLine(uint8_t, uint8_t, uint8_t, int)	32	static
cmath:253:5:constexpr typename __gnu_cxx::__enable_if<std::__is_integer<_Tp>::__value, double>::__type std::fabs(_Tp) [with _Tp = int]	24	static
ST7735c.cpp:191:6:void ST7735s::line(int, int, int, int, int)	48	static
ST7735c.cpp:204:6:void ST7735s::drawRect(uint8_t, uint8_t, uint8_t, uint8_t, int)	24	static
ST7735c.cpp:211:6:void ST7735s::fillRect(uint8_t, uint8_t, uint8_t, uint8_t, int)	32	static
ST7735c.cpp:218:6:void ST7735s::clearScreen()	24	static
ST7735c.cpp:222:6:void ST7735s::circleQuadrant(uint8_t, uint8_t, uint8_t, uint8_t, int)	32	static
ST7735c.cpp:252:6:void ST7735s::drawCircle(uint8_t, uint8_t, uint8_t, int)	24	static
ST7735c.cpp:256:6:void ST7735s::drawRoundRect(uint8_t, uint8_t, uint8_t, uint8_t, uint8_t, int)	24	static
ST7735c.cpp:267:6:void ST7735s::fillCircle(uint8_t, uint8_t, uint8_t, int)	40	static
ST7735c.cpp:278:6:void ST7735s::drawEllipse(int, int, int, int, int)	64	static
ST7735c.cpp:320:6:void ST7735s::fillEllipse(int, int, int, int, int)	72	static
ST7735c.cpp:352:6:void ST7735s::gotoXY(uint8_t, uint8_t)	16	static
ST7735c.cpp:356:6:void ST7735s::gotoLine(uint8_t)	16	static
ST7735c.cpp:361:6:void ST7735s::advanceCursor()	16	static
ST7735c.cpp:371:6:void ST7735s::setOrientation(int)	24	static
ST7735c.cpp:383:6:void ST7735s::putCh(char, uint8_t, uint8_t, int)	40	static
ST7735c.cpp:400:6:void ST7735s::writeChar(char, int)	32	static
ST7735c.cpp:405:6:void ST7735s::writeString(char*, int)	24	static
ST7735c.cpp:410:6:void ST7735s::writeInt(int)	24	static
ST7735c.cpp:416:6:void ST7735s::writeHex(int)	24	static
